[2026-09-01 19:50:00 UTC] UTA Monitor background loop started
[2026-09-01 19:50:00 UTC] Interval: 1800s (30 min)
[2026-09-01 19:50:00 UTC] PID: 2738
[2026-09-01 19:50:00 UTC] Log: /home/z/my-project/download/monitor/background.log
---
[2026-09-01 19:50:00 UTC] Running monitor cycle...
[2026-09-01 19:50:00 UTC] [INFO] ============================================================
[2026-09-01 19:50:00 UTC] [INFO] UTA Monitor — Run #3
[2026-09-01 19:50:00 UTC] [INFO] Auto-respond: True
[2026-09-01 19:50:00 UTC] [INFO] ============================================================
[2026-09-01 19:50:00 UTC] [INFO] 
1. Checking 30 external GitHub issues...
[2026-09-01 20:32:57 UTC] UTA Monitor background loop started
[2026-09-01 20:32:57 UTC] Interval: 1800s (30 min)
[2026-09-01 20:32:57 UTC] PID: 3089
[2026-09-01 20:32:57 UTC] Log: /home/z/my-project/download/monitor/background.log
---
[2026-09-01 20:32:57 UTC] Running monitor cycle...
[2026-09-01 20:32:58 UTC] [INFO] ============================================================
[2026-09-01 20:32:58 UTC] [INFO] UTA Monitor — Run #3
[2026-09-01 20:32:58 UTC] [INFO] Auto-respond: True
[2026-09-01 20:32:58 UTC] [INFO] ============================================================
[2026-09-01 20:32:58 UTC] [INFO] 
1. Checking 30 external GitHub issues...
