[2026-09-01 23:44:11 UTC] Bot supervisor started
[2026-09-01 23:44:11 UTC] Starting bot...
[2026-09-01 23:44:12 UTC] INFO ============================================================
[2026-09-01 23:44:12 UTC] INFO UTA Verify Bot — starting
[2026-09-01 23:44:12 UTC] INFO Bot token: 8724927280...
[2026-09-01 23:44:12 UTC] INFO UTA API: https://www.marketnow.site/api/trust
[2026-09-01 23:44:12 UTC] INFO ============================================================
[2026-09-01 23:44:12 UTC] INFO Bot: @uta_verify_bot (id: 8724927280)
[2026-09-01 23:44:12 UTC] INFO Name: UTA Verify Bot
[2026-09-01 23:44:13 UTC] INFO Polling for messages...
[2026-09-01 23:45:19 UTC] Bot supervisor started
[2026-09-01 23:45:19 UTC] Starting bot...
[2026-09-01 23:45:19 UTC] INFO ============================================================
[2026-09-01 23:45:19 UTC] INFO UTA Verify Bot — starting
[2026-09-01 23:45:19 UTC] INFO Bot token: 8724927280...
[2026-09-01 23:45:19 UTC] INFO UTA API: https://www.marketnow.site/api/trust
[2026-09-01 23:45:19 UTC] INFO ============================================================
[2026-09-01 23:45:20 UTC] INFO Bot: @uta_verify_bot (id: 8724927280)
[2026-09-01 23:45:20 UTC] INFO Name: UTA Verify Bot
[2026-09-01 23:45:21 UTC] INFO Polling for messages...
